../Core/Src/main.c:73:5:main	448	static
../Core/Src/main.c:331:5:ewma_filter_C	32	static
../Core/Src/main.c:340:13:UART_Send	16	static
../Core/Src/main.c:345:13:UART1_Init	40	static
../Core/Src/main.c:376:13:External_Peripherals_Init	72	static
../Core/Src/main.c:458:13:I2C_TestDevices	8	static
../Core/Src/main.c:479:16:I2C_DevicePresent	16	static
../Core/Src/main.c:489:17:SoundSensor_Read	16	static
../Core/Src/main.c:505:18:FallDetector_Update	56	static
../Core/Src/main.c:654:13:Buzzer_Set	16	static
../Core/Src/main.c:663:13:Matrix_ShowFace	24	static
../Core/Src/main.c:681:13:Matrix_ShowHappyFace	8	static
../Core/Src/main.c:698:13:Matrix_ShowSadFace	8	static
../Core/Src/main.c:715:13:OLED_SetInitMessage	16	static
../Core/Src/main.c:724:13:OLED_SetFallMessage	16	static
../Core/Src/main.c:737:13:OLED_SetSoundMessage	40	static
../Core/Src/main.c:746:6:HAL_SYSTICK_Callback	16	static
../Core/Src/main.c:778:6:HAL_GPIO_EXTI_Callback	24	static
../Core/Src/main.c:795:5:_write	24	static
../Core/Src/main.c:801:5:_read	24	static
../Core/Src/main.c:802:5:_fstat	16	static
../Core/Src/main.c:803:5:_lseek	24	static
../Core/Src/main.c:804:5:_isatty	16	static
../Core/Src/main.c:805:5:_close	16	static
../Core/Src/main.c:806:5:_getpid	4	static
../Core/Src/main.c:807:5:_kill	16	static
