../Core/Src/main.c:97:5:main	128	static
../Core/Src/main.c:258:13:UART1_Init	40	static
../Core/Src/main.c:285:13:UART_Send	16	static
../Core/Src/main.c:289:18:FallDetector_Update	24	static
../Core/Src/main.c:407:13:UpdateSoundStatus	32	static
../Core/Src/main.c:441:13:UpdateBuzzer	24	static
../Core/Src/main.c:455:13:HandleFallStateChange	16	static
../Core/Src/main.c:488:13:LogStatus	232	static
../Core/Src/main.c:510:13:External_Peripherals_Init	72	static
../Core/Src/main.c:604:13:I2C_TestDevices	8	static
../Core/Src/main.c:623:16:I2C_DevicePresent	16	static
../Core/Src/main.c:632:17:SoundSensor_Read	16	static
../Core/Src/main.c:645:13:Buzzer_Set	16	static
../Core/Src/main.c:653:13:Matrix_ShowFace	24	static
../Core/Src/main.c:666:13:Matrix_ShowHappyFace	8	static
../Core/Src/main.c:680:13:Matrix_ShowSadFace	8	static
../Core/Src/main.c:695:13:OLED_SetInitMessage	16	static
../Core/Src/main.c:703:13:OLED_SetFallMessage	16	static
../Core/Src/main.c:715:13:OLED_SetLongLieMessage	16	static
../Core/Src/main.c:726:6:HAL_SYSTICK_Callback	16	static
../Core/Src/main.c:753:6:HAL_GPIO_EXTI_Callback	24	static
../Core/Src/main.c:767:5:_write	24	static
../Core/Src/main.c:773:5:_read	24	static
../Core/Src/main.c:774:5:_fstat	16	static
../Core/Src/main.c:775:5:_lseek	24	static
../Core/Src/main.c:776:5:_isatty	16	static
../Core/Src/main.c:777:5:_close	16	static
../Core/Src/main.c:778:5:_getpid	4	static
../Core/Src/main.c:779:5:_kill	16	static
