../Core/Src/main.c:76:5:main	320	static
../Core/Src/main.c:351:5:ewma_filter_C	32	static
../Core/Src/main.c:360:13:UART_Send	16	static
../Core/Src/main.c:365:13:UART1_Init	40	static
../Core/Src/main.c:396:13:External_Peripherals_Init	72	static
../Core/Src/main.c:476:13:I2C_TestDevices	8	static
../Core/Src/main.c:495:16:I2C_DevicePresent	16	static
../Core/Src/main.c:503:17:SoundSensor_Read	16	static
../Core/Src/main.c:523:18:FallDetector_Update	72	static
../Core/Src/main.c:672:13:Buzzer_Set	16	static
../Core/Src/main.c:680:13:Matrix_ShowFace	24	static
../Core/Src/main.c:693:13:Matrix_ShowHappyFace	8	static
../Core/Src/main.c:707:13:Matrix_ShowSadFace	8	static
../Core/Src/main.c:722:13:OLED_SetInitMessage	16	static
../Core/Src/main.c:730:13:OLED_SetFallMessage	16	static
../Core/Src/main.c:742:13:OLED_SetLongLieMessage	16	static
../Core/Src/main.c:752:6:HAL_SYSTICK_Callback	16	static
../Core/Src/main.c:782:6:HAL_GPIO_EXTI_Callback	24	static
../Core/Src/main.c:799:5:_write	24	static
../Core/Src/main.c:805:5:_read	24	static
../Core/Src/main.c:806:5:_fstat	16	static
../Core/Src/main.c:807:5:_lseek	24	static
../Core/Src/main.c:808:5:_isatty	16	static
../Core/Src/main.c:809:5:_close	16	static
../Core/Src/main.c:810:5:_getpid	4	static
../Core/Src/main.c:811:5:_kill	16	static
