../Core/Src/main.c:52:5:main	624	static
../Core/Src/main.c:245:5:ewma_filter_C	32	static
../Core/Src/main.c:254:13:UART_Send	16	static
../Core/Src/main.c:259:13:UART1_Init	40	static
../Core/Src/main.c:289:13:External_Peripherals_Init	72	static
../Core/Src/main.c:371:17:SoundSensor_Read	16	static
../Core/Src/main.c:387:13:Buzzer_Set	16	static
../Core/Src/main.c:396:16:I2C_DevicePresent	16	static
../Core/Src/main.c:406:13:I2C_TestDevices	8	static
../Core/Src/main.c:428:5:_write	24	static
../Core/Src/main.c:434:5:_read	24	static
../Core/Src/main.c:435:5:_fstat	16	static
../Core/Src/main.c:436:5:_lseek	24	static
../Core/Src/main.c:437:5:_isatty	16	static
../Core/Src/main.c:438:5:_close	16	static
../Core/Src/main.c:439:5:_getpid	4	static
../Core/Src/main.c:440:5:_kill	16	static
