../Core/Src/main.c:73:5:main	14
../Core/Src/main.c:331:5:ewma_filter_C	1
../Core/Src/main.c:340:13:UART_Send	1
../Core/Src/main.c:345:13:UART1_Init	2
../Core/Src/main.c:376:13:External_Peripherals_Init	3
../Core/Src/main.c:458:13:I2C_TestDevices	3
../Core/Src/main.c:479:16:I2C_DevicePresent	1
../Core/Src/main.c:489:17:SoundSensor_Read	2
../Core/Src/main.c:505:18:FallDetector_Update	22
../Core/Src/main.c:654:13:Buzzer_Set	1
../Core/Src/main.c:663:13:Matrix_ShowFace	4
../Core/Src/main.c:681:13:Matrix_ShowHappyFace	1
../Core/Src/main.c:698:13:Matrix_ShowSadFace	1
../Core/Src/main.c:715:13:OLED_SetInitMessage	1
../Core/Src/main.c:724:13:OLED_SetFallMessage	1
../Core/Src/main.c:737:13:OLED_SetSoundMessage	1
../Core/Src/main.c:746:6:HAL_SYSTICK_Callback	5
../Core/Src/main.c:778:6:HAL_GPIO_EXTI_Callback	3
../Core/Src/main.c:795:5:_write	1
../Core/Src/main.c:801:5:_read	1
../Core/Src/main.c:802:5:_fstat	1
../Core/Src/main.c:803:5:_lseek	1
../Core/Src/main.c:804:5:_isatty	1
../Core/Src/main.c:805:5:_close	1
../Core/Src/main.c:806:5:_getpid	1
../Core/Src/main.c:807:5:_kill	1
