../Core/Src/main.c:71:5:main	448	static
../Core/Src/main.c:305:5:ewma_filter_C	32	static
../Core/Src/main.c:314:13:UART_Send	16	static
../Core/Src/main.c:319:13:UART1_Init	40	static
../Core/Src/main.c:350:13:External_Peripherals_Init	72	static
../Core/Src/main.c:432:13:I2C_TestDevices	8	static
../Core/Src/main.c:453:16:I2C_DevicePresent	16	static
../Core/Src/main.c:463:17:SoundSensor_Read	16	static
../Core/Src/main.c:479:18:FallDetector_Update	56	static
../Core/Src/main.c:614:13:Buzzer_Set	16	static
../Core/Src/main.c:623:13:Matrix_ShowFace	24	static
../Core/Src/main.c:641:13:Matrix_ShowHappyFace	8	static
../Core/Src/main.c:658:13:Matrix_ShowSadFace	8	static
../Core/Src/main.c:675:13:OLED_SetInitMessage	16	static
../Core/Src/main.c:684:13:OLED_SetFallMessage	16	static
../Core/Src/main.c:697:13:OLED_SetSoundMessage	40	static
../Core/Src/main.c:706:6:HAL_SYSTICK_Callback	16	static
../Core/Src/main.c:740:5:_write	24	static
../Core/Src/main.c:746:5:_read	24	static
../Core/Src/main.c:747:5:_fstat	16	static
../Core/Src/main.c:748:5:_lseek	24	static
../Core/Src/main.c:749:5:_isatty	16	static
../Core/Src/main.c:750:5:_close	16	static
../Core/Src/main.c:751:5:_getpid	4	static
../Core/Src/main.c:752:5:_kill	16	static
