../Core/Src/main.c:75:5:main	416	static
../Core/Src/main.c:339:5:ewma_filter_C	32	static
../Core/Src/main.c:348:13:UART_Send	16	static
../Core/Src/main.c:353:13:UART1_Init	40	static
../Core/Src/main.c:384:13:External_Peripherals_Init	72	static
../Core/Src/main.c:465:13:I2C_TestDevices	8	static
../Core/Src/main.c:485:16:I2C_DevicePresent	16	static
../Core/Src/main.c:494:17:SoundSensor_Read	16	static
../Core/Src/main.c:509:18:FallDetector_Update	56	static
../Core/Src/main.c:646:13:Buzzer_Set	16	static
../Core/Src/main.c:654:13:Matrix_ShowFace	24	static
../Core/Src/main.c:671:13:Matrix_ShowHappyFace	8	static
../Core/Src/main.c:687:13:Matrix_ShowSadFace	8	static
../Core/Src/main.c:703:13:OLED_SetInitMessage	16	static
../Core/Src/main.c:712:13:OLED_SetFallMessage	16	static
../Core/Src/main.c:725:13:OLED_SetSoundMessage	40	static
../Core/Src/main.c:733:6:HAL_SYSTICK_Callback	16	static
../Core/Src/main.c:764:6:HAL_GPIO_EXTI_Callback	24	static
../Core/Src/main.c:782:5:_write	24	static
../Core/Src/main.c:788:5:_read	24	static
../Core/Src/main.c:789:5:_fstat	16	static
../Core/Src/main.c:790:5:_lseek	24	static
../Core/Src/main.c:791:5:_isatty	16	static
../Core/Src/main.c:792:5:_close	16	static
../Core/Src/main.c:793:5:_getpid	4	static
../Core/Src/main.c:794:5:_kill	16	static
