../Core/Src/main.c:76:5:main	19
../Core/Src/main.c:351:5:ewma_filter_C	1
../Core/Src/main.c:360:13:UART_Send	1
../Core/Src/main.c:365:13:UART1_Init	2
../Core/Src/main.c:396:13:External_Peripherals_Init	3
../Core/Src/main.c:476:13:I2C_TestDevices	3
../Core/Src/main.c:495:16:I2C_DevicePresent	1
../Core/Src/main.c:503:17:SoundSensor_Read	2
../Core/Src/main.c:523:18:FallDetector_Update	22
../Core/Src/main.c:672:13:Buzzer_Set	1
../Core/Src/main.c:680:13:Matrix_ShowFace	4
../Core/Src/main.c:693:13:Matrix_ShowHappyFace	1
../Core/Src/main.c:707:13:Matrix_ShowSadFace	1
../Core/Src/main.c:722:13:OLED_SetInitMessage	1
../Core/Src/main.c:730:13:OLED_SetFallMessage	1
../Core/Src/main.c:742:13:OLED_SetLongLieMessage	1
../Core/Src/main.c:752:6:HAL_SYSTICK_Callback	5
../Core/Src/main.c:782:6:HAL_GPIO_EXTI_Callback	3
../Core/Src/main.c:799:5:_write	1
../Core/Src/main.c:805:5:_read	1
../Core/Src/main.c:806:5:_fstat	1
../Core/Src/main.c:807:5:_lseek	1
../Core/Src/main.c:808:5:_isatty	1
../Core/Src/main.c:809:5:_close	1
../Core/Src/main.c:810:5:_getpid	1
../Core/Src/main.c:811:5:_kill	1
