../Core/Src/main.c:57:5:main	648	static
../Core/Src/main.c:287:5:ewma_filter_C	32	static
../Core/Src/main.c:296:13:UART_Send	16	static
../Core/Src/main.c:301:13:UART1_Init	40	static
../Core/Src/main.c:331:13:External_Peripherals_Init	72	static
../Core/Src/main.c:413:17:SoundSensor_Read	16	static
../Core/Src/main.c:429:13:Buzzer_Set	16	static
../Core/Src/main.c:438:13:Matrix_ShowFace	24	static
../Core/Src/main.c:456:13:Matrix_ShowHappyFace	8	static
../Core/Src/main.c:473:13:Matrix_ShowSadFace	8	static
../Core/Src/main.c:490:16:I2C_DevicePresent	16	static
../Core/Src/main.c:500:13:I2C_TestDevices	8	static
../Core/Src/main.c:522:5:_write	24	static
../Core/Src/main.c:528:5:_read	24	static
../Core/Src/main.c:529:5:_fstat	16	static
../Core/Src/main.c:530:5:_lseek	24	static
../Core/Src/main.c:531:5:_isatty	16	static
../Core/Src/main.c:532:5:_close	16	static
../Core/Src/main.c:533:5:_getpid	4	static
../Core/Src/main.c:534:5:_kill	16	static
