../Core/Src/main.c:68:5:main	448	static
../Core/Src/main.c:296:5:ewma_filter_C	32	static
../Core/Src/main.c:305:13:UART_Send	16	static
../Core/Src/main.c:310:13:UART1_Init	40	static
../Core/Src/main.c:341:13:External_Peripherals_Init	72	static
../Core/Src/main.c:423:13:I2C_TestDevices	8	static
../Core/Src/main.c:444:16:I2C_DevicePresent	16	static
../Core/Src/main.c:454:17:SoundSensor_Read	16	static
../Core/Src/main.c:470:18:FallDetector_Update	56	static
../Core/Src/main.c:598:13:Buzzer_Set	16	static
../Core/Src/main.c:607:13:Matrix_ShowFace	24	static
../Core/Src/main.c:625:13:Matrix_ShowHappyFace	8	static
../Core/Src/main.c:642:13:Matrix_ShowSadFace	8	static
../Core/Src/main.c:659:13:OLED_SetInitMessage	16	static
../Core/Src/main.c:668:13:OLED_SetFallMessage	16	static
../Core/Src/main.c:681:13:OLED_SetSoundMessage	40	static
../Core/Src/main.c:693:5:_write	24	static
../Core/Src/main.c:699:5:_read	24	static
../Core/Src/main.c:700:5:_fstat	16	static
../Core/Src/main.c:701:5:_lseek	24	static
../Core/Src/main.c:702:5:_isatty	16	static
../Core/Src/main.c:703:5:_close	16	static
../Core/Src/main.c:704:5:_getpid	4	static
../Core/Src/main.c:705:5:_kill	16	static
