../Drivers/STM32L4xx_HAL_Driver/Src/stm32l4xx_ll_usb.c:83:19:USB_CoreInit	16	static
../Drivers/STM32L4xx_HAL_Driver/Src/stm32l4xx_ll_usb.c:114:19:USB_SetTurnaroundTime	0	static
../Drivers/STM32L4xx_HAL_Driver/Src/stm32l4xx_ll_usb.c:193:19:USB_EnableGlobalInt	0	static
../Drivers/STM32L4xx_HAL_Driver/Src/stm32l4xx_ll_usb.c:205:19:USB_DisableGlobalInt	0	static
../Drivers/STM32L4xx_HAL_Driver/Src/stm32l4xx_ll_usb.c:220:19:USB_SetCurrentMode	16	static
../Drivers/STM32L4xx_HAL_Driver/Src/stm32l4xx_ll_usb.c:400:19:USB_FlushTxFifo	8	static
../Drivers/STM32L4xx_HAL_Driver/Src/stm32l4xx_ll_usb.c:437:19:USB_FlushRxFifo	8	static
../Drivers/STM32L4xx_HAL_Driver/Src/stm32l4xx_ll_usb.c:478:19:USB_SetDevSpeed	0	static
../Drivers/STM32L4xx_HAL_Driver/Src/stm32l4xx_ll_usb.c:267:19:USB_DevInit	32	static
../Drivers/STM32L4xx_HAL_Driver/Src/stm32l4xx_ll_usb.c:493:9:USB_GetDevSpeed	0	static
../Drivers/STM32L4xx_HAL_Driver/Src/stm32l4xx_ll_usb.c:518:19:USB_ActivateEndpoint	12	static
../Drivers/STM32L4xx_HAL_Driver/Src/stm32l4xx_ll_usb.c:556:19:USB_ActivateDedicatedEndpoint	20	static
../Drivers/STM32L4xx_HAL_Driver/Src/stm32l4xx_ll_usb.c:595:19:USB_DeactivateEndpoint	8	static
../Drivers/STM32L4xx_HAL_Driver/Src/stm32l4xx_ll_usb.c:642:19:USB_DeactivateDedicatedEndpoint	0	static
../Drivers/STM32L4xx_HAL_Driver/Src/stm32l4xx_ll_usb.c:818:19:USB_EPStopXfer	8	static
../Drivers/STM32L4xx_HAL_Driver/Src/stm32l4xx_ll_usb.c:878:19:USB_WritePacket	0	static
../Drivers/STM32L4xx_HAL_Driver/Src/stm32l4xx_ll_usb.c:680:19:USB_EPStartXfer	24	static
../Drivers/STM32L4xx_HAL_Driver/Src/stm32l4xx_ll_usb.c:906:7:USB_ReadPacket	16	static
../Drivers/STM32L4xx_HAL_Driver/Src/stm32l4xx_ll_usb.c:948:19:USB_EPSetStall	0	static
../Drivers/STM32L4xx_HAL_Driver/Src/stm32l4xx_ll_usb.c:979:19:USB_EPClearStall	0	static
../Drivers/STM32L4xx_HAL_Driver/Src/stm32l4xx_ll_usb.c:1008:19:USB_StopDevice	8	static
../Drivers/STM32L4xx_HAL_Driver/Src/stm32l4xx_ll_usb.c:1049:19:USB_SetDevAddress	0	static
../Drivers/STM32L4xx_HAL_Driver/Src/stm32l4xx_ll_usb.c:1064:19:USB_DevConnect	0	static
../Drivers/STM32L4xx_HAL_Driver/Src/stm32l4xx_ll_usb.c:1081:19:USB_DevDisconnect	0	static
../Drivers/STM32L4xx_HAL_Driver/Src/stm32l4xx_ll_usb.c:1098:10:USB_ReadInterrupts	0	static
../Drivers/STM32L4xx_HAL_Driver/Src/stm32l4xx_ll_usb.c:1114:10:USB_ReadChInterrupts	0	static
../Drivers/STM32L4xx_HAL_Driver/Src/stm32l4xx_ll_usb.c:1130:10:USB_ReadDevAllOutEpInterrupt	0	static
../Drivers/STM32L4xx_HAL_Driver/Src/stm32l4xx_ll_usb.c:1146:10:USB_ReadDevAllInEpInterrupt	0	static
../Drivers/STM32L4xx_HAL_Driver/Src/stm32l4xx_ll_usb.c:1164:10:USB_ReadDevOutEPInterrupt	0	static
../Drivers/STM32L4xx_HAL_Driver/Src/stm32l4xx_ll_usb.c:1182:10:USB_ReadDevInEPInterrupt	0	static
../Drivers/STM32L4xx_HAL_Driver/Src/stm32l4xx_ll_usb.c:1203:7:USB_ClearInterrupts	0	static
../Drivers/STM32L4xx_HAL_Driver/Src/stm32l4xx_ll_usb.c:1216:10:USB_GetMode	0	static
../Drivers/STM32L4xx_HAL_Driver/Src/stm32l4xx_ll_usb.c:1226:19:USB_ActivateSetup	0	static
../Drivers/STM32L4xx_HAL_Driver/Src/stm32l4xx_ll_usb.c:1244:19:USB_EP0_OutStart	0	static
../Drivers/STM32L4xx_HAL_Driver/Src/stm32l4xx_ll_usb.c:1311:19:USB_HostInit	24	static
../Drivers/STM32L4xx_HAL_Driver/Src/stm32l4xx_ll_usb.c:1378:19:USB_InitFSLSPClkSel	8	static
../Drivers/STM32L4xx_HAL_Driver/Src/stm32l4xx_ll_usb.c:1408:19:USB_ResetPort	24	static
../Drivers/STM32L4xx_HAL_Driver/Src/stm32l4xx_ll_usb.c:1435:19:USB_DriveVbus	8	static
../Drivers/STM32L4xx_HAL_Driver/Src/stm32l4xx_ll_usb.c:1464:10:USB_GetHostSpeed	8	static
../Drivers/STM32L4xx_HAL_Driver/Src/stm32l4xx_ll_usb.c:1478:10:USB_GetCurrentFrame	0	static
../Drivers/STM32L4xx_HAL_Driver/Src/stm32l4xx_ll_usb.c:1508:19:USB_HC_Init	24	static
../Drivers/STM32L4xx_HAL_Driver/Src/stm32l4xx_ll_usb.c:1623:19:USB_HC_StartXfer	32	static
../Drivers/STM32L4xx_HAL_Driver/Src/stm32l4xx_ll_usb.c:1733:10:USB_HC_ReadInterrupt	0	static
../Drivers/STM32L4xx_HAL_Driver/Src/stm32l4xx_ll_usb.c:1747:19:USB_HC_Halt	24	static
../Drivers/STM32L4xx_HAL_Driver/Src/stm32l4xx_ll_usb.c:1831:19:USB_DoPing	0	static
../Drivers/STM32L4xx_HAL_Driver/Src/stm32l4xx_ll_usb.c:1855:19:USB_StopHost	24	static
../Drivers/STM32L4xx_HAL_Driver/Src/stm32l4xx_ll_usb.c:1920:19:USB_ActivateRemoteWakeup	0	static
../Drivers/STM32L4xx_HAL_Driver/Src/stm32l4xx_ll_usb.c:1938:19:USB_DeActivateRemoteWakeup	0	static
