../Drivers/STM32L4xx_HAL_Driver/Src/stm32l4xx_hal_pcd.c:299:13:HAL_PCD_MspInit	0	static
../Drivers/STM32L4xx_HAL_Driver/Src/stm32l4xx_hal_pcd.c:131:19:HAL_PCD_Init	64	static
../Drivers/STM32L4xx_HAL_Driver/Src/stm32l4xx_hal_pcd.c:314:13:HAL_PCD_MspDeInit	0	static
../Drivers/STM32L4xx_HAL_Driver/Src/stm32l4xx_hal_pcd.c:260:19:HAL_PCD_DeInit	16	static
../Drivers/STM32L4xx_HAL_Driver/Src/stm32l4xx_hal_pcd.c:1017:19:HAL_PCD_Start	8	static
../Drivers/STM32L4xx_HAL_Driver/Src/stm32l4xx_hal_pcd.c:1043:19:HAL_PCD_Stop	16	static
../Drivers/STM32L4xx_HAL_Driver/Src/stm32l4xx_hal_pcd.c:1668:13:HAL_PCD_DataOutStageCallback	0	static
../Drivers/STM32L4xx_HAL_Driver/Src/stm32l4xx_hal_pcd.c:1685:13:HAL_PCD_DataInStageCallback	0	static
../Drivers/STM32L4xx_HAL_Driver/Src/stm32l4xx_hal_pcd.c:1700:13:HAL_PCD_SetupStageCallback	0	static
../Drivers/STM32L4xx_HAL_Driver/Src/stm32l4xx_hal_pcd.c:1715:13:HAL_PCD_SOFCallback	0	static
../Drivers/STM32L4xx_HAL_Driver/Src/stm32l4xx_hal_pcd.c:1730:13:HAL_PCD_ResetCallback	0	static
../Drivers/STM32L4xx_HAL_Driver/Src/stm32l4xx_hal_pcd.c:1745:13:HAL_PCD_SuspendCallback	0	static
../Drivers/STM32L4xx_HAL_Driver/Src/stm32l4xx_hal_pcd.c:1760:13:HAL_PCD_ResumeCallback	0	static
../Drivers/STM32L4xx_HAL_Driver/Src/stm32l4xx_hal_pcd.c:1776:13:HAL_PCD_ISOOUTIncompleteCallback	0	static
../Drivers/STM32L4xx_HAL_Driver/Src/stm32l4xx_hal_pcd.c:1793:13:HAL_PCD_ISOINIncompleteCallback	0	static
../Drivers/STM32L4xx_HAL_Driver/Src/stm32l4xx_hal_pcd.c:1809:13:HAL_PCD_ConnectCallback	0	static
../Drivers/STM32L4xx_HAL_Driver/Src/stm32l4xx_hal_pcd.c:1824:13:HAL_PCD_DisconnectCallback	0	static
../Drivers/STM32L4xx_HAL_Driver/Src/stm32l4xx_hal_pcd.c:1858:19:HAL_PCD_DevConnect	8	static
../Drivers/STM32L4xx_HAL_Driver/Src/stm32l4xx_hal_pcd.c:1885:19:HAL_PCD_DevDisconnect	16	static
../Drivers/STM32L4xx_HAL_Driver/Src/stm32l4xx_hal_pcd.c:1913:19:HAL_PCD_SetAddress	8	static
../Drivers/STM32L4xx_HAL_Driver/Src/stm32l4xx_hal_pcd.c:1930:19:HAL_PCD_EP_Open	16	static
../Drivers/STM32L4xx_HAL_Driver/Src/stm32l4xx_hal_pcd.c:1978:19:HAL_PCD_EP_Close	8	static
../Drivers/STM32L4xx_HAL_Driver/Src/stm32l4xx_hal_pcd.c:2009:19:HAL_PCD_EP_Receive	16	static
../Drivers/STM32L4xx_HAL_Driver/Src/stm32l4xx_hal_pcd.c:2033:10:HAL_PCD_EP_GetRxCount	0	static
../Drivers/STM32L4xx_HAL_Driver/Src/stm32l4xx_hal_pcd.c:2045:19:HAL_PCD_EP_Transmit	16	static
../Drivers/STM32L4xx_HAL_Driver/Src/stm32l4xx_hal_pcd.c:2073:19:HAL_PCD_EP_SetStall	16	static
../Drivers/STM32L4xx_HAL_Driver/Src/stm32l4xx_hal_pcd.c:2116:19:HAL_PCD_EP_ClrStall	16	static
../Drivers/STM32L4xx_HAL_Driver/Src/stm32l4xx_hal_pcd.c:2152:19:HAL_PCD_EP_Abort	0	static
../Drivers/STM32L4xx_HAL_Driver/Src/stm32l4xx_hal_pcd.c:1074:6:HAL_PCD_IRQHandler	64	static
../Drivers/STM32L4xx_HAL_Driver/Src/stm32l4xx_hal_pcd.c:2178:19:HAL_PCD_EP_Flush	8	static
../Drivers/STM32L4xx_HAL_Driver/Src/stm32l4xx_hal_pcd.c:2201:19:HAL_PCD_ActivateRemoteWakeup	0	static
../Drivers/STM32L4xx_HAL_Driver/Src/stm32l4xx_hal_pcd.c:2211:19:HAL_PCD_DeActivateRemoteWakeup	0	static
../Drivers/STM32L4xx_HAL_Driver/Src/stm32l4xx_hal_pcd.c:2240:18:HAL_PCD_GetState	0	static
